// Jest Snapshot v1, https://goo.gl/fbAQLP

exports[`NavItem components should render correctly 1`] = `
<div>
  <a
    class="chakra-link css-jgup0q"
    style="text-decoration: none;"
  >
    <div
      class="css-13xscnz"
      role="group"
    >
      <svg
        class="chakra-icon css-1iav1wc"
        fill="none"
        focusable="false"
        height="1em"
        stroke="currentColor"
        stroke-linecap="round"
        stroke-linejoin="round"
        stroke-width="2"
        viewBox="0 0 24 24"
        width="1em"
        xmlns="http://www.w3.org/2000/svg"
      >
        <path
          d="M3 9l9-7 9 7v11a2 2 0 0 1-2 2H5a2 2 0 0 1-2-2z"
        />
        <polyline
          points="9 22 9 12 15 12 15 22"
        />
      </svg>
      .
    </div>
  </a>
</div>
`;
